// Jest Snapshot v1, https://goo.gl/fbAQLP

exports[`Home tests renders correctly 1`] = `
<div>
  <div
    class="container"
  >
    <h1>
      Welcome to Graduate, College of Engineering
    </h1>
     
    <br />
    <img
      alt="tree frog"
      class="image"
      src="treefrog.jpg"
    />
  </div>
</div>
`;
